[21:06:51] [Yfork] NONE: AI results count=0 labels=[]
[21:06:51] [Yfork] NONE: canForceLeft=true but no station box found (results=0)
[21:06:52] [Yfork] NONE: AI results count=1 labels=[7 ]
[21:06:52] [Yfork] NONE: canForceLeft=true but no station box found (results=1)
[21:06:53] [Yfork] NONE: AI results count=0 labels=[]
[21:06:53] [Yfork] NONE: canForceLeft=true but no station box found (results=0)
[21:06:55] [Yfork] NONE: AI results count=1 labels=[10 ]
[21:06:55] [Yfork] NONE: canForceLeft=true but no station box found (results=1)
[21:06:56] [Yfork] NONE: AI results count=0 labels=[]
[21:06:56] [Yfork] NONE: canForceLeft=true but no station box found (results=0)
[21:06:57] [Yfork] detect: FORK ACCEPT y=64 h=33 w=76 bottom=97
[21:06:57] [Yfork] NONE: fork detected, forkSeen=true
[21:06:57] [Yfork] NONE: FORK passed 35% (bottom=97), start timer
[21:06:58] [Yfork] detect: FORK ACCEPT y=68 h=33 w=87 bottom=101
[21:06:58] [Yfork] NONE: fork detected, forkSeen=true
[21:06:58] [Yfork] detect: FORK ACCEPT y=73 h=33 w=93 bottom=106
[21:06:58] [Yfork] NONE: fork detected, forkSeen=true
[21:06:58] [Yfork] detect: FORK ACCEPT y=80 h=33 w=79 bottom=113
[21:06:58] [Yfork] NONE: fork detected, forkSeen=true
[21:06:58] [Yfork] detect: FORK ACCEPT y=84 h=33 w=79 bottom=117
[21:06:58] [Yfork] NONE: fork detected, forkSeen=true
[21:06:58] [Yfork] detect: FORK ACCEPT y=81 h=67 w=98 bottom=148
[21:06:58] [Yfork] NONE: fork detected, forkSeen=true
[21:06:58] [Yfork] detect: FORK ACCEPT y=99 h=33 w=93 bottom=132
[21:06:58] [Yfork] NONE: fork detected, forkSeen=true
[21:06:58] [Yfork] detect: FORK ACCEPT y=105 h=33 w=79 bottom=138
[21:06:58] [Yfork] NONE: fork detected, forkSeen=true
[21:06:58] [Yfork] NONE: AI results count=1 labels=[8 ]
[21:06:58] [Yfork] NONE: canForceLeft=true but no station box found (results=1)
[21:06:58] [Yfork] detect: FORK ACCEPT y=103 h=43 w=79 bottom=146
[21:06:58] [Yfork] NONE: fork detected, forkSeen=true
[21:06:58] [Yfork] detect: FORK ACCEPT y=98 h=67 w=109 bottom=165
[21:06:58] [Yfork] NONE: fork detected, forkSeen=true
[21:06:58] [Yfork] detect: FORK ACCEPT y=111 h=40 w=109 bottom=151
[21:06:58] [Yfork] NONE: fork detected, forkSeen=true
[21:06:58] [Yfork] detect: FORK ACCEPT y=98 h=67 w=109 bottom=165
[21:06:58] [Yfork] NONE: fork detected, forkSeen=true
[21:06:58] [Yfork] detect: FORK ACCEPT y=101 h=67 w=113 bottom=168
[21:06:58] [Yfork] NONE: fork detected, forkSeen=true
[21:06:58] [Yfork] detect: FORK ACCEPT y=103 h=67 w=116 bottom=170
[21:06:58] [Yfork] NONE: fork detected, forkSeen=true
[21:06:58] [Yfork] detect: FORK ACCEPT y=103 h=67 w=116 bottom=170
[21:06:58] [Yfork] NONE: fork detected, forkSeen=true
[21:06:58] [Yfork] detect: FORK ACCEPT y=107 h=67 w=116 bottom=174
[21:06:58] [Yfork] NONE: fork detected, forkSeen=true
[21:06:58] [Yfork] NONE: FORK timer=16/16
[21:06:58] [Yfork] detect: FORK ACCEPT y=108 h=67 w=116 bottom=175
[21:06:58] [Yfork] NONE: fork detected, forkSeen=true
[21:06:58] [Yfork] detect: FORK ACCEPT y=116 h=67 w=116 bottom=183
[21:06:58] [Yfork] NONE: fork detected, forkSeen=true
[21:06:58] [Yfork] detect: FORK ACCEPT y=122 h=67 w=116 bottom=189
[21:06:58] [Yfork] NONE: fork detected, forkSeen=true
[21:06:58] [Yfork] detect: FORK ACCEPT y=127 h=67 w=116 bottom=194
[21:06:58] [Yfork] NONE: fork detected, forkSeen=true
[21:06:58] [Yfork] detect: FORK ACCEPT y=140 h=67 w=115 bottom=207
[21:06:58] [Yfork] NONE: fork detected, forkSeen=true
[21:06:58] [Yfork] detect: FORK ACCEPT y=129 h=109 w=116 bottom=238
[21:06:58] [Yfork] NONE: fork detected, forkSeen=true
[21:06:58] [Yfork] detect: FORK ACCEPT y=153 h=67 w=116 bottom=220
[21:06:58] [Yfork] NONE: fork detected, forkSeen=true
[21:06:59] [Yfork] detect: FORK ACCEPT y=155 h=67 w=116 bottom=222
[21:06:59] [Yfork] NONE: fork detected, forkSeen=true
[21:06:59] [Yfork] detect: FORK ACCEPT y=167 h=67 w=116 bottom=234
[21:06:59] [Yfork] NONE: fork detected, forkSeen=true
[21:06:59] [Yfork] NONE: FORCE LEFT TRIGGER by FORK (timer=0 >= 16), forceFrames=14 -> ENTER
[21:06:59] [Yfork] ENTER: FORCE LEFT frame=1/14 (remaining=13), Bezier left edge start=(230,60) end=(80,1)
[21:06:59] [Yfork] ENTER: FORCE LEFT frame=2/14 (remaining=12), Bezier left edge start=(230,60) end=(80,1)
[21:06:59] [Yfork] ENTER: FORCE LEFT frame=3/14 (remaining=11), Bezier left edge start=(230,60) end=(80,1)
[21:06:59] [Yfork] ENTER: FORCE LEFT frame=4/14 (remaining=10), Bezier left edge start=(230,60) end=(80,1)
[21:06:59] [Yfork] ENTER: FORCE LEFT frame=5/14 (remaining=9), Bezier left edge start=(230,60) end=(80,1)
[21:06:59] [Yfork] ENTER: FORCE LEFT frame=6/14 (remaining=8), Bezier left edge start=(230,60) end=(80,1)
[21:06:59] [Yfork] ENTER: FORCE LEFT frame=7/14 (remaining=7), Bezier left edge start=(230,60) end=(80,1)
[21:06:59] [Yfork] ENTER: FORCE LEFT frame=8/14 (remaining=6), Bezier left edge start=(230,60) end=(80,1)
[21:06:59] [Yfork] ENTER: FORCE LEFT frame=9/14 (remaining=5), Bezier left edge start=(230,60) end=(80,1)
[21:06:59] [Yfork] ENTER: FORCE LEFT frame=10/14 (remaining=4), Bezier left edge start=(230,60) end=(80,1)
[21:06:59] [Yfork] ENTER: FORCE LEFT frame=11/14 (remaining=3), Bezier left edge start=(230,60) end=(80,1)
[21:06:59] [Yfork] ENTER: FORCE LEFT frame=12/14 (remaining=2), Bezier left edge start=(230,60) end=(80,1)
[21:06:59] [Yfork] ENTER: FORCE LEFT frame=13/14 (remaining=1), Bezier left edge start=(230,60) end=(80,1)
[21:06:59] [Yfork] ENTER: FORCE LEFT frame=14/14 (remaining=0), Bezier left edge start=(230,60) end=(80,1)
[21:06:59] [Yfork] ENTER: FORCE LEFT FINISHED, normal guidance resumes
[21:07:00] [Yfork] V-tip lost (bottom): row=173 col=306 (spurroad=1, threshold=168)
[21:07:01] [Yfork] replan: hold expired (vlossTimer=18 >= 18), releasing guidance
[21:07:08] [Yfork] ENTER: TIMEOUT timeout=201 > 200 (station=1) -> EXIT
[21:07:08] [Yfork] EXIT -> END
[21:07:08] [Yfork] END (completed)
[21:07:08] [Yfork] NONE: force left DISABLED (yfork=1 lapYfork=1 yforkLeft=1 forceLeftDone=1)
[21:07:08] [Yfork] NONE: AI results count=1 labels=[8 ]
[21:07:10] [Yfork] NONE: AI results count=0 labels=[]
[21:07:11] [Yfork] NONE: AI results count=0 labels=[]
[21:07:12] [Yfork] NONE: force left DISABLED (yfork=1 lapYfork=1 yforkLeft=1 forceLeftDone=1)
[21:07:13] [Yfork] NONE: AI results count=0 labels=[]
[21:07:14] [Yfork] NONE: AI results count=1 labels=[7 ]
